
[1m[46m RUN [49m[22m [36mv4.1.2 [39m[90mD:/KNOWLEDGE BASE[39m

node.exe : [90mstderr[2m | 
test/ollama-query.test.ts[2m > 
[22m[2mcreateOllamaChat[2m > 
[22m[2mhandles stream errors gracefully
At C:\Program Files\nodejs\npx.ps1:29 char:3
+   & $NODE_EXE $NPX_CLI_JS $args
+   ~~~~~~~~~~~~~~~~~~~~~~~~~~~~~
    + CategoryInfo          : NotSpecified: 
([90    mstderr[2m...rors gracefully:String) 
[], Rem    oteException
    + FullyQualifiedErrorId : 
NativeCommandError
 
[22m[39m
  Ollama error: Connection reset

[90mstdout[2m | test/ollama-query.test.ts[2m > [22m[2mcreateOllamaChat[2m > [22m[2msaves answer when save option is true
[22m[39m
  Saved: .llm-kb/wiki/outputs/save-this-1775638664744.md

 [31mΓ¥»[39m test/ollama-query.test.ts [2m([22m[2m11 tests[22m[2m | [22m[31m1 failed[39m[2m)[22m[32m 56[2mms[22m[39m
     [32mΓ£ô[39m throws when no sources found[32m 9[2mms[22m[39m
[31m     [31m├ù[31m creates a chat with prompt and dispose methods[39m[32m 20[2mms[22m[39m
     [32mΓ£ô[39m system prompt includes citation format instructions[32m 3[2mms[22m[39m
     [32mΓ£ô[39m parses citations from response and matches against bbox data[32m 3[2mms[22m[39m
     [32mΓ£ô[39m handles stream errors gracefully[32m 3[2mms[22m[39m
     [32mΓ£ô[39m saves answer when save option is true[32m 5[2mms[22m[39m
     [32mΓ£ô[39m stores clean answer (without CITATIONS block) in chat history[32m 2[2mms[22m[39m
     [32mΓ£ô[39m creates wiki from scratch when no existing wiki[32m 1[2mms[22m[39m
     [32mΓ£ô[39m updates existing wiki content[32m 2[2mms[22m[39m
     [32mΓ£ô[39m silently fails on ollama error (non-fatal)[32m 2[2mms[22m[39m
     [32mΓ£ô[39m does not write wiki if response is empty[32m 1[2mms[22m[39m

[31mΓÄ»ΓÄ»ΓÄ»ΓÄ»ΓÄ»ΓÄ»ΓÄ»[39m[1m[41m 
Failed Tests 1 
[49m[22m[31mΓÄ»ΓÄ»ΓÄ»ΓÄ»ΓÄ»ΓÄ»ΓÄ»[39m

[41m[1m FAIL [22m[49m 
test/ollama-query.test.ts[2m > 
[22mcreateOllamaChat[2m > [22mcreates a 
chat with prompt and dispose methods
[31m[1mAssertionError[22m: expected 
'assistant' to be 'user' // Object.is 
equality[39m

Expected: [32m"user"[39m
Received: [31m"assistant"[39m

[36m [2mΓ¥»[22m 
test/ollama-query.test.ts:[2m156:48[22m[39m
    [90m154|[39m     [35mconst[39m 
messages [33m=[39m mockOllamaStream[33m.[39
mmock[33m.[39mcalls[[34m0[39m][[34m0[39m]
[33m;[39m
    [90m155|[39m     [34mexpect[39m(message
s[[34m0[39m][33m.[39mrole)[33m.[39m[34mt
oBe[39m([32m"system"[39m)[33m;[39m
    [90m156|[39m     [34mexpect[39m(message
s[messages[33m.[39mlength [33m-[39m [34m1
[39m][33m.[39mrole)[33m.[39m[34mtoBe[39m(
[32m"user"[39m)[33m;[39m
    [90m   |[39m                             
                   [31m^[39m
    [90m157|[39m     
expect(messages[messages.length - 
1].content).toBe("What is the anΓÇª
    [90m158|[39m   })[33m;[39m

[31m[2mΓÄ»ΓÄ»ΓÄ»ΓÄ»ΓÄ»ΓÄ»ΓÄ»ΓÄ»ΓÄ»ΓÄ»ΓÄ»ΓÄ»ΓÄ
»ΓÄ»ΓÄ»ΓÄ»ΓÄ»ΓÄ»ΓÄ»ΓÄ»ΓÄ»ΓÄ»ΓÄ»ΓÄ»[1/1]ΓÄ»[22m
[39m


[2m Test Files [22m [1m[31m1 failed[39m[22m[90m (1)[39m
[2m      Tests [22m [1m[31m1 failed[39m[22m[2m | [22m[1m[32m10 passed[39m[22m[90m (11)[39m
[2m   Start at [22m 14:27:44
[2m   Duration [22m 730ms[2m (transform 215ms, setup 0ms, import 292ms, tests 56ms, environment 0ms)[22m

